Archive member included because of file (symbol)

C:\Users\yuxiang\Lib_CMSISv1p30_LPC11xx\Debug\libLib_CMSISv1p30_LPC11xx.a(system_LPC11xx.o)
                              ./src/cr_startup_lpc11.o (SystemInit)
c:/nxp/lpcxpresso_7.3.0_186/lpcxpresso/tools/bin/../lib/gcc/arm-none-eabi/4.8.4/../../../../arm-none-eabi/lib/armv6-m\libcr_semihost.a(_cr__main.o)
                              ./src/cr_startup_lpc11.o (__main)
c:/nxp/lpcxpresso_7.3.0_186/lpcxpresso/tools/bin/../lib/gcc/arm-none-eabi/4.8.4/../../../../arm-none-eabi/lib/armv6-m\libcr_c.a(fpprintf.o)
                              ./src/main.o (printf)
c:/nxp/lpcxpresso_7.3.0_186/lpcxpresso/tools/bin/../lib/gcc/arm-none-eabi/4.8.4/../../../../arm-none-eabi/lib/armv6-m\libcr_c.a(initio.o)
                              c:/nxp/lpcxpresso_7.3.0_186/lpcxpresso/tools/bin/../lib/gcc/arm-none-eabi/4.8.4/../../../../arm-none-eabi/lib/armv6-m\libcr_semihost.a(_cr__main.o) (_initio)
c:/nxp/lpcxpresso_7.3.0_186/lpcxpresso/tools/bin/../lib/gcc/arm-none-eabi/4.8.4/../../../../arm-none-eabi/lib/armv6-m\libcr_c.a(printf.o)
                              c:/nxp/lpcxpresso_7.3.0_186/lpcxpresso/tools/bin/../lib/gcc/arm-none-eabi/4.8.4/../../../../arm-none-eabi/lib/armv6-m\libcr_c.a(fpprintf.o) (__vfprintf)
c:/nxp/lpcxpresso_7.3.0_186/lpcxpresso/tools/bin/../lib/gcc/arm-none-eabi/4.8.4/../../../../arm-none-eabi/lib/armv6-m\libcr_c.a(setvbuf.o)
                              c:/nxp/lpcxpresso_7.3.0_186/lpcxpresso/tools/bin/../lib/gcc/arm-none-eabi/4.8.4/../../../../arm-none-eabi/lib/armv6-m\libcr_c.a(initio.o) (setvbuf)
c:/nxp/lpcxpresso_7.3.0_186/lpcxpresso/tools/bin/../lib/gcc/arm-none-eabi/4.8.4/../../../../arm-none-eabi/lib/armv6-m\libcr_c.a(stdio.o)
                              c:/nxp/lpcxpresso_7.3.0_186/lpcxpresso/tools/bin/../lib/gcc/arm-none-eabi/4.8.4/../../../../arm-none-eabi/lib/armv6-m\libcr_c.a(fpprintf.o) (__Ciob)
c:/nxp/lpcxpresso_7.3.0_186/lpcxpresso/tools/bin/../lib/gcc/arm-none-eabi/4.8.4/../../../../arm-none-eabi/lib/armv6-m\libcr_c.a(strlen.o)
                              c:/nxp/lpcxpresso_7.3.0_186/lpcxpresso/tools/bin/../lib/gcc/arm-none-eabi/4.8.4/../../../../arm-none-eabi/lib/armv6-m\libcr_c.a(printf.o) (strlen)
c:/nxp/lpcxpresso_7.3.0_186/lpcxpresso/tools/bin/../lib/gcc/arm-none-eabi/4.8.4/../../../../arm-none-eabi/lib/armv6-m\libcr_c.a(memset.o)
                              c:/nxp/lpcxpresso_7.3.0_186/lpcxpresso/tools/bin/../lib/gcc/arm-none-eabi/4.8.4/../../../../arm-none-eabi/lib/armv6-m\libcr_c.a(fpprintf.o) (memset)
c:/nxp/lpcxpresso_7.3.0_186/lpcxpresso/tools/bin/../lib/gcc/arm-none-eabi/4.8.4/../../../../arm-none-eabi/lib/armv6-m\libcr_c.a(__fillbuf.o)
                              c:/nxp/lpcxpresso_7.3.0_186/lpcxpresso/tools/bin/../lib/gcc/arm-none-eabi/4.8.4/../../../../arm-none-eabi/lib/armv6-m\libcr_c.a(stdio.o) (__filbuf)
c:/nxp/lpcxpresso_7.3.0_186/lpcxpresso/tools/bin/../lib/gcc/arm-none-eabi/4.8.4/../../../../arm-none-eabi/lib/armv6-m\libcr_c.a(_deferredlazyseek.o)
                              c:/nxp/lpcxpresso_7.3.0_186/lpcxpresso/tools/bin/../lib/gcc/arm-none-eabi/4.8.4/../../../../arm-none-eabi/lib/armv6-m\libcr_c.a(__fillbuf.o) (_deferredlazyseek)
c:/nxp/lpcxpresso_7.3.0_186/lpcxpresso/tools/bin/../lib/gcc/arm-none-eabi/4.8.4/../../../../arm-none-eabi/lib/armv6-m\libcr_c.a(_fdopen.o)
                              c:/nxp/lpcxpresso_7.3.0_186/lpcxpresso/tools/bin/../lib/gcc/arm-none-eabi/4.8.4/../../../../arm-none-eabi/lib/armv6-m\libcr_c.a(initio.o) (_fdopen)
c:/nxp/lpcxpresso_7.3.0_186/lpcxpresso/tools/bin/../lib/gcc/arm-none-eabi/4.8.4/../../../../arm-none-eabi/lib/armv6-m\libcr_c.a(_fflush.o)
                              c:/nxp/lpcxpresso_7.3.0_186/lpcxpresso/tools/bin/../lib/gcc/arm-none-eabi/4.8.4/../../../../arm-none-eabi/lib/armv6-m\libcr_c.a(__fillbuf.o) (_fflush)
c:/nxp/lpcxpresso_7.3.0_186/lpcxpresso/tools/bin/../lib/gcc/arm-none-eabi/4.8.4/../../../../arm-none-eabi/lib/armv6-m\libcr_c.a(_frexpl.o)
                              c:/nxp/lpcxpresso_7.3.0_186/lpcxpresso/tools/bin/../lib/gcc/arm-none-eabi/4.8.4/../../../../arm-none-eabi/lib/armv6-m\libcr_c.a(fpprintf.o) (_frexpl)
c:/nxp/lpcxpresso_7.3.0_186/lpcxpresso/tools/bin/../lib/gcc/arm-none-eabi/4.8.4/../../../../arm-none-eabi/lib/armv6-m\libcr_c.a(_ldexpl.o)
                              c:/nxp/lpcxpresso_7.3.0_186/lpcxpresso/tools/bin/../lib/gcc/arm-none-eabi/4.8.4/../../../../arm-none-eabi/lib/armv6-m\libcr_c.a(fpprintf.o) (_ldexpl)
c:/nxp/lpcxpresso_7.3.0_186/lpcxpresso/tools/bin/../lib/gcc/arm-none-eabi/4.8.4/../../../../arm-none-eabi/lib/armv6-m\libcr_c.a(_writebuf.o)
                              c:/nxp/lpcxpresso_7.3.0_186/lpcxpresso/tools/bin/../lib/gcc/arm-none-eabi/4.8.4/../../../../arm-none-eabi/lib/armv6-m\libcr_c.a(_deferredlazyseek.o) (_Cwritebuf)
c:/nxp/lpcxpresso_7.3.0_186/lpcxpresso/tools/bin/../lib/gcc/arm-none-eabi/4.8.4/../../../../arm-none-eabi/lib/armv6-m\libcr_c.a(alloc.o)
[...]
Memory Configuration

Name             Origin             Length             Attributes
MFlash64         0x00000000         0x00010000         xr
RamLoc8          0x10000000         0x00002000         xrw
*default*        0x00000000         0xffffffff

Linker script and memory map

LOAD ./src/adc.o
LOAD ./src/cr_startup_lpc11.o
LOAD ./src/delay.o
LOAD ./src/gpio.o
LOAD ./src/insectBot.o
LOAD ./src/main.o
LOAD ./src/pwm.o
LOAD ./src/uart.o
LOAD C:\Users\yuxiang\Lib_CMSISv1p30_LPC11xx\Debug\libLib_CMSISv1p30_LPC11xx.a
START GROUP
LOAD c:/nxp/lpcxpresso_7.3.0_186/lpcxpresso/tools/bin/../lib/gcc/arm-none-eabi/4.8.4/../../../../arm-none-eabi/lib/armv6-m\libcr_semihost.a
LOAD c:/nxp/lpcxpresso_7.3.0_186/lpcxpresso/tools/bin/../lib/gcc/arm-none-eabi/4.8.4/../../../../arm-none-eabi/lib/armv6-m\libcr_c.a
LOAD c:/nxp/lpcxpresso_7.3.0_186/lpcxpresso/tools/bin/../lib/gcc/arm-none-eabi/4.8.4/armv6-m\libcr_eabihelpers.a
END GROUP
                0x00010000                __top_MFlash64 = 0x10000
                0x10002000                __top_RamLoc8 = 0x10002000

.text           0x00000000     0x3798
 FILL mask 0xff
                0x00000000                __vectors_start__ = ABSOLUTE (.)
 *(.isr_vector)
 .isr_vector    0x00000000       0xc0 ./src/cr_startup_lpc11.o
                0x00000000                g_pfnVectors
                0x000000c0                . = ALIGN (0x4)
                0x000000c0                __section_table_start = .
                0x000000c0                __data_section_table = .
                0x000000c0        0x4 LONG 0x3798 LOADADDR (.data)
                0x000000c4        0x4 LONG 0x10000000 ADDR (.data)
                0x000000c8        0x4 LONG 0x4 SIZEOF (.data)
                0x000000cc                __data_section_table_end = .
                0x000000cc                __bss_section_table = .
                0x000000cc        0x4 LONG 0x10000004 ADDR (.bss)
                0x000000d0        0x4 LONG 0x150 SIZEOF (.bss)
                0x000000d4                __bss_section_table_end = .
                0x000000d4                __section_table_end = .
 *(.after_vectors*)
 *(.text*)
 .text.ADCInit  0x000000d4       0x84 ./src/adc.o
                0x000000d4                ADCInit
 .text.NMI_Handler
                0x00000158        0x4 ./src/cr_startup_lpc11.o
                0x00000158                NMI_Handler
 .text.HardFault_Handler
                0x0000015c        0x4 ./src/cr_startup_lpc11.o
                0x0000015c                HardFault_Handler
 .text.SVCall_Handler
                0x00000160        0x4 ./src/cr_startup_lpc11.o
                0x00000160                SVCall_Handler
 .text.PendSV_Handler
                0x00000164        0x4 ./src/cr_startup_lpc11.o
                0x00000164                PendSV_Handler
 .text.SysTick_Handler
                0x00000168        0x4 ./src/cr_startup_lpc11.o
                0x00000168                SysTick_Handler
 .text.IntDefaultHandler
                0x0000016c        0x4 ./src/cr_startup_lpc11.o
                0x0000016c                TIMER16_0_IRQHandler
                0x0000016c                UART_IRQHandler
                0x0000016c                TIMER32_0_IRQHandler
                0x0000016c                TIMER32_1_IRQHandler
                0x0000016c                IntDefaultHandler
                0x0000016c                PIOINT1_IRQHandler
                0x0000016c                CAN_IRQHandler
                0x0000016c                SSP0_IRQHandler
                0x0000016c                TIMER16_1_IRQHandler
                0x0000016c                ADC_IRQHandler
                0x0000016c                SSP1_IRQHandler
                0x0000016c                PIOINT2_IRQHandler
                0x0000016c                BOD_IRQHandler
                0x0000016c                WAKEUP_IRQHandler
                0x0000016c                PIOINT0_IRQHandler
                0x0000016c                I2C_IRQHandler
                0x0000016c                WDT_IRQHandler
                0x0000016c                PIOINT3_IRQHandler
 .text.ResetISR
                0x00000170       0x44 ./src/cr_startup_lpc11.o
                0x00000170                ResetISR
 .text.delayMS  0x000001b4       0x64 ./src/delay.o
                0x000001b4                delayMS
 .text.delayUS  0x00000218       0x68 ./src/delay.o
                0x00000218                delayUS
 .text.GPIOSetValue
                0x00000280       0x5c ./src/gpio.o
                0x00000280                GPIOSetValue
 .text.GPIOSetDir
                0x000002dc      0x12c ./src/gpio.o
                0x000002dc                GPIOSetDir
 .text.GPIOGetValue
                0x00000408       0x78 ./src/gpio.o
                0x00000408                GPIOGetValue
 .text.insectSetUp
                0x00000480       0x24 ./src/insectBot.o
                0x00000480                insectSetUp
 .text.insectGoForward
                0x000004a4       0xa0 ./src/insectBot.o
                0x000004a4                insectGoForward
 .text.insectGoBackRight
                0x00000544       0x9c ./src/insectBot.o
                0x00000544                insectGoBackRight
 .text.insectTurnLeft
                0x000005e0       0x9c ./src/insectBot.o
                0x000005e0                insectTurnLeft
 .text.insectStop
                0x0000067c       0x1c ./src/insectBot.o
                0x0000067c                insectStop
 .text.updateShiftReg
                0x00000698       0x80 ./src/main.o
                0x00000698                updateShiftReg
 .text.main     0x00000718      0x2a8 ./src/main.o
                0x00000718                main
 .text.initPWM  0x000009c0       0x74 ./src/pwm.o
                0x000009c0                initPWM
 .text.startPWM
                0x00000a34        0xc ./src/pwm.o
                0x00000a34                startPWM
 .text.updatePWM1000
                0x00000a40       0x30 ./src/pwm.o
                0x00000a40                updatePWM1000
 .text.UARTInit
                0x00000a70       0x98 ./src/uart.o
                0x00000a70                UARTInit
 .text.UARTSendChar
                0x00000b08       0x14 ./src/uart.o
                0x00000b08                UARTSendChar
 .text.UARTSendString
                0x00000b1c       0x14 ./src/uart.o
                0x00000b1c                UARTSendString
 .text.UARTReceive
                0x00000b30       0x48 ./src/uart.o
                0x00000b30                UARTReceive
 .text.SystemInit
                0x00000b78       0x8c C:\Users\yuxiang\Lib_CMSISv1p30_LPC11xx\Debug\libLib_CMSISv1p30_LPC11xx.a(system_LPC11xx.o)
                0x00000b78                SystemInit
 .text.__main   0x00000c04       0x12 c:/nxp/lpcxpresso_7.3.0_186/lpcxpresso/tools/bin/../lib/gcc/arm-none-eabi/4.8.4/../../../../arm-none-eabi/lib/armv6-m\libcr_semihost.a(_cr__main.o)
                0x00000c04                __CR_SEMIHOST
                0x00000c04                __main
 .text.fp_round
                0x00000c16       0x48 c:/nxp/lpcxpresso_7.3.0_186/lpcxpresso/tools/bin/../lib/gcc/arm-none-eabi/4.8.4/../../../../arm-none-eabi/lib/armv6-m\libcr_c.a(fpprintf.o)
 .text.pr_dec.constprop.1
                0x00000c5e       0x28 c:/nxp/lpcxpresso_7.3.0_186/lpcxpresso/tools/bin/../lib/gcc/arm-none-eabi/4.8.4/../../../../arm-none-eabi/lib/armv6-m\libcr_c.a(fpprintf.o)
 *fill*         0x00000c86        0x2 
 .text.sprintf  0x00000c88       0x70 c:/nxp/lpcxpresso_7.3.0_186/lpcxpresso/tools/bin/../lib/gcc/arm-none-eabi/4.8.4/../../../../arm-none-eabi/lib/armv6-m\libcr_c.a(fpprintf.o)
                0x00000c88                sprintf
 .text.fp_display
                0x00000cf8      0x980 c:/nxp/lpcxpresso_7.3.0_186/lpcxpresso/tools/bin/../lib/gcc/arm-none-eabi/4.8.4/../../../../arm-none-eabi/lib/armv6-m\libcr_c.a(fpprintf.o)
 .text.vsnprintf
                0x00001678       0x5c c:/nxp/lpcxpresso_7.3.0_186/lpcxpresso/tools/bin/../lib/gcc/arm-none-eabi/4.8.4/../../../../arm-none-eabi/lib/armv6-m\libcr_c.a(fpprintf.o)
                0x00001678                vsnprintf
 .text.printf   0x000016d4       0x50 c:/nxp/lpcxpresso_7.3.0_186/lpcxpresso/tools/bin/../lib/gcc/arm-none-eabi/4.8.4/../../../../arm-none-eabi/lib/armv6-m\libcr_c.a(fpprintf.o)
                0x000016d4                printf
 .text._initio  0x00001724       0xa4 c:/nxp/lpcxpresso_7.3.0_186/lpcxpresso/tools/bin/../lib/gcc/arm-none-eabi/4.8.4/../../../../arm-none-eabi/lib/armv6-m\libcr_c.a(initio.o)
                0x00001724                _initio
 .text.__vfprintf
                0x000017c8      0xd4c c:/nxp/lpcxpresso_7.3.0_186/lpcxpresso/tools/bin/../lib/gcc/arm-none-eabi/4.8.4/../../../../arm-none-eabi/lib/armv6-m\libcr_c.a(printf.o)
                0x000017c8                __vfprintf
 .text.setvbuf  0x00002514       0x48 c:/nxp/lpcxpresso_7.3.0_186/lpcxpresso/tools/bin/../lib/gcc/arm-none-eabi/4.8.4/../../../../arm-none-eabi/lib/armv6-m\libcr_c.a(setvbuf.o)
                0x00002514                setvbuf
 .text.strlen   0x0000255c       0x54 c:/nxp/lpcxpresso_7.3.0_186/lpcxpresso/tools/bin/../lib/gcc/arm-none-eabi/4.8.4/../../../../arm-none-eabi/lib/armv6-m\libcr_c.a(strlen.o)
                0x0000255c                strlen
 .text.memset   0x000025b0        0x8 c:/nxp/lpcxpresso_7.3.0_186/lpcxpresso/tools/bin/../lib/gcc/arm-none-eabi/4.8.4/../../../../arm-none-eabi/lib/armv6-m\libcr_c.a(memset.o)
                0x000025b0                memset
 .text._deferredlazyseek
                0x000025b8       0x44 c:/nxp/lpcxpresso_7.3.0_186/lpcxpresso/tools/bin/../lib/gcc/arm-none-eabi/4.8.4/../../../../arm-none-eabi/lib/armv6-m\libcr_c.a(_deferredlazyseek.o)
                0x000025b8                _deferredlazyseek
 .text.__flsbuf
                0x000025fc      0x154 c:/nxp/lpcxpresso_7.3.0_186/lpcxpresso/tools/bin/../lib/gcc/arm-none-eabi/4.8.4/../../../../arm-none-eabi/lib/armv6-m\libcr_c.a(_deferredlazyseek.o)
                0x000025fc                __flsbuf
 .text._fdopen  0x00002750       0x68 c:/nxp/lpcxpresso_7.3.0_186/lpcxpresso/tools/bin/../lib/gcc/arm-none-eabi/4.8.4/../../../../arm-none-eabi/lib/armv6-m\libcr_c.a(_fdopen.o)
                0x00002750                _fdopen
 .text._fflush  0x000027b8       0x64 c:/nxp/lpcxpresso_7.3.0_186/lpcxpresso/tools/bin/../lib/gcc/arm-none-eabi/4.8.4/../../../../arm-none-eabi/lib/armv6-m\libcr_c.a(_fflush.o)
                0x000027b8                _fflush
 *fill*         0x0000281c        0x4 
 .text._frexpl  0x00002820       0x80 c:/nxp/lpcxpresso_7.3.0_186/lpcxpresso/tools/bin/../lib/gcc/arm-none-eabi/4.8.4/../../../../arm-none-eabi/lib/armv6-m\libcr_c.a(_frexpl.o)
                0x00002820                _frexpl
 .text._ldexpl  0x000028a0       0x60 c:/nxp/lpcxpresso_7.3.0_186/lpcxpresso/tools/bin/../lib/gcc/arm-none-eabi/4.8.4/../../../../arm-none-eabi/lib/armv6-m\libcr_c.a(_ldexpl.o)
                0x000028a0                _ldexpl
 .text._Cwritebuf
                0x00002900       0x6c c:/nxp/lpcxpresso_7.3.0_186/lpcxpresso/tools/bin/../lib/gcc/arm-none-eabi/4.8.4/../../../../arm-none-eabi/lib/armv6-m\libcr_c.a(_writebuf.o)
                0x00002900                _Cwritebuf
 .text.malloc   0x0000296c       0xc0 c:/nxp/lpcxpresso_7.3.0_186/lpcxpresso/tools/bin/../lib/gcc/arm-none-eabi/4.8.4/../../../../arm-none-eabi/lib/armv6-m\libcr_c.a(alloc.o)
                0x0000296c                malloc
 .text.free     0x00002a2c        0xe c:/nxp/lpcxpresso_7.3.0_186/lpcxpresso/tools/bin/../lib/gcc/arm-none-eabi/4.8.4/../../../../arm-none-eabi/lib/armv6-m\libcr_c.a(alloc.o)
                0x00002a2c                free
 *fill*         0x00002a3a        0x2 
 .text._Csys_alloc
                0x00002a3c       0x20 c:/nxp/lpcxpresso_7.3.0_186/lpcxpresso/tools/bin/../lib/gcc/arm-none-eabi/4.8.4/../../../../arm-none-eabi/lib/armv6-m\libcr_c.a(alloc.o)
                0x00002a3c                _Csys_alloc
 .text.fclose   0x00002a5c       0x70 c:/nxp/lpcxpresso_7.3.0_186/lpcxpresso/tools/bin/../lib/gcc/arm-none-eabi/4.8.4/../../../../arm-none-eabi/lib/armv6-m\libcr_c.a(fclose.o)
                0x00002a5c                fclose
 .text.fflush   0x00002acc       0x34 c:/nxp/lpcxpresso_7.3.0_186/lpcxpresso/tools/bin/../lib/gcc/arm-none-eabi/4.8.4/../../../../arm-none-eabi/lib/armv6-m\libcr_c.a(fflush.o)
                0x00002acc                fflush
 .text.fseek    0x00002b00       0xf8 c:/nxp/lpcxpresso_7.3.0_186/lpcxpresso/tools/bin/../lib/gcc/arm-none-eabi/4.8.4/../../../../arm-none-eabi/lib/armv6-m\libcr_c.a(fseek.o)
                0x00002b00                fseek
 .text.ftell    0x00002bf8       0x4c c:/nxp/lpcxpresso_7.3.0_186/lpcxpresso/tools/bin/../lib/gcc/arm-none-eabi/4.8.4/../../../../arm-none-eabi/lib/armv6-m\libcr_c.a(ftell.o)
                0x00002bf8                ftell
 .text.remove   0x00002c44       0x12 c:/nxp/lpcxpresso_7.3.0_186/lpcxpresso/tools/bin/../lib/gcc/arm-none-eabi/4.8.4/../../../../arm-none-eabi/lib/armv6-m\libcr_c.a(remove.o)
                0x00002c44                remove
 *fill*         0x00002c56        0x2 
 .text._sbrk    0x00002c58       0x40 c:/nxp/lpcxpresso_7.3.0_186/lpcxpresso/tools/bin/../lib/gcc/arm-none-eabi/4.8.4/../../../../arm-none-eabi/lib/armv6-m\libcr_c.a(_cr_sbrk.o)
                0x00002c58                _sbrk
 .text._do_fflush
                0x00002c98       0x48 c:/nxp/lpcxpresso_7.3.0_186/lpcxpresso/tools/bin/../lib/gcc/arm-none-eabi/4.8.4/../../../../arm-none-eabi/lib/armv6-m\libcr_c.a(_do_fflush.o)
                0x00002c98                _do_fflush
 .text.__check_heap_overflow
                0x00002ce0       0x18 c:/nxp/lpcxpresso_7.3.0_186/lpcxpresso/tools/bin/../lib/gcc/arm-none-eabi/4.8.4/../../../../arm-none-eabi/lib/armv6-m\libcr_c.a(_cr_check_heap.o)
                0x00002ce0                __check_heap_overflow
 .text.__aeabi_division_idivmod
                0x00002cf8       0x78 c:/nxp/lpcxpresso_7.3.0_186/lpcxpresso/tools/bin/../lib/gcc/arm-none-eabi/4.8.4/armv6-m\libcr_eabihelpers.a(division_32.o)
                0x00002cf8                __aeabi_idivmod
                0x00002cf8                __aeabi_idiv
                0x00002cfe                __aeabi_uidivmod
                0x00002cfe                __aeabi_uidiv
 .text.__aeabi_division_idiv0
                0x00002d70        0x2 c:/nxp/lpcxpresso_7.3.0_186/lpcxpresso/tools/bin/../lib/gcc/arm-none-eabi/4.8.4/armv6-m\libcr_eabihelpers.a(division_idiv0.o)
                0x00002d70                __aeabi_idiv0
 *fill*         0x00002d72        0x6 
 .text.__aeabi_dmul
                0x00002d78      0x188 c:/nxp/lpcxpresso_7.3.0_186/lpcxpresso/tools/bin/../lib/gcc/arm-none-eabi/4.8.4/armv6-m\libcr_eabihelpers.a(double.o)
                0x00002d78                __aeabi_dmul
 .text.__aeabi_ddiv
                0x00002f00      0x160 c:/nxp/lpcxpresso_7.3.0_186/lpcxpresso/tools/bin/../lib/gcc/arm-none-eabi/4.8.4/armv6-m\libcr_eabihelpers.a(double.o)
                0x00002f00                __aeabi_ddiv
 .text.__aeabi_dsub
                0x00003060      0x1e8 c:/nxp/lpcxpresso_7.3.0_186/lpcxpresso/tools/bin/../lib/gcc/arm-none-eabi/4.8.4/armv6-m\libcr_eabihelpers.a(double.o)
                0x00003060                __aeabi_dsub
 .text.__aeabi_dadd
                0x00003248      0x148 c:/nxp/lpcxpresso_7.3.0_186/lpcxpresso/tools/bin/../lib/gcc/arm-none-eabi/4.8.4/armv6-m\libcr_eabihelpers.a(double.o)
                0x00003248                __aeabi_dadd
 .text.__aeabi_d2iz
                0x00003390       0x48 c:/nxp/lpcxpresso_7.3.0_186/lpcxpresso/tools/bin/../lib/gcc/arm-none-eabi/4.8.4/armv6-m\libcr_eabihelpers.a(double.o)
                0x00003390                __aeabi_d2iz
 .text.__bhs_ui2d
                0x000033d8       0x5e c:/nxp/lpcxpresso_7.3.0_186/lpcxpresso/tools/bin/../lib/gcc/arm-none-eabi/4.8.4/armv6-m\libcr_eabihelpers.a(double.o)
                0x000033d8                __bhs_ui2d
 .text.__aeabi_i2d
                0x00003436       0x16 c:/nxp/lpcxpresso_7.3.0_186/lpcxpresso/tools/bin/../lib/gcc/arm-none-eabi/4.8.4/armv6-m\libcr_eabihelpers.a(double.o)
                0x00003436                __aeabi_i2d
 .text.__aeabi_dcmpeq
                0x0000344c       0x38 c:/nxp/lpcxpresso_7.3.0_186/lpcxpresso/tools/bin/../lib/gcc/arm-none-eabi/4.8.4/armv6-m\libcr_eabihelpers.a(double.o)
                0x0000344c                __aeabi_dcmpeq
 .text.__aeabi_dcmplt
                0x00003484       0x78 c:/nxp/lpcxpresso_7.3.0_186/lpcxpresso/tools/bin/../lib/gcc/arm-none-eabi/4.8.4/armv6-m\libcr_eabihelpers.a(double.o)
                0x00003484                __aeabi_dcmplt
 .text.__aeabi_dcmple
                0x000034fc       0x78 c:/nxp/lpcxpresso_7.3.0_186/lpcxpresso/tools/bin/../lib/gcc/arm-none-eabi/4.8.4/armv6-m\libcr_eabihelpers.a(double.o)
                0x000034fc                __aeabi_dcmple
 .text.__aeabi_dcmpge
                0x00003574       0x70 c:/nxp/lpcxpresso_7.3.0_186/lpcxpresso/tools/bin/../lib/gcc/arm-none-eabi/4.8.4/armv6-m\libcr_eabihelpers.a(double.o)
                0x00003574                __aeabi_dcmpge
 .text.__aeabi_llong_lmul
                0x000035e4       0x2e c:/nxp/lpcxpresso_7.3.0_186/lpcxpresso/tools/bin/../lib/gcc/arm-none-eabi/4.8.4/armv6-m\libcr_eabihelpers.a(llong.o)
                0x000035e4                __aeabi_lmul
 .text.__aeabi_memset_lowlevel
                0x00003612       0x2a c:/nxp/lpcxpresso_7.3.0_186/lpcxpresso/tools/bin/../lib/gcc/arm-none-eabi/4.8.4/armv6-m\libcr_eabihelpers.a(memcpy.o)
                0x00003612                __aeabi_lowlevel_memset
 .text.__sys_appexit
                0x0000363c        0xc c:/nxp/lpcxpresso_7.3.0_186/lpcxpresso/tools/bin/../lib/gcc/arm-none-eabi/4.8.4/../../../../arm-none-eabi/lib/armv6-m\libcr_semihost.a(__sys_appexit.o)
                0x0000363c                __sys_appexit
                0x0000363c                __exit
 .text.__sys_close
                0x00003648        0xc c:/nxp/lpcxpresso_7.3.0_186/lpcxpresso/tools/bin/../lib/gcc/arm-none-eabi/4.8.4/../../../../arm-none-eabi/lib/armv6-m\libcr_semihost.a(__sys_close.o)
                0x00003648                __sys_close
 .text.__sys_flen
                0x00003654        0xc c:/nxp/lpcxpresso_7.3.0_186/lpcxpresso/tools/bin/../lib/gcc/arm-none-eabi/4.8.4/../../../../arm-none-eabi/lib/armv6-m\libcr_semihost.a(__sys_flen.o)
                0x00003654                __sys_flen
 .text.__sys_istty
                0x00003660        0xc c:/nxp/lpcxpresso_7.3.0_186/lpcxpresso/tools/bin/../lib/gcc/arm-none-eabi/4.8.4/../../../../arm-none-eabi/lib/armv6-m\libcr_semihost.a(__sys_istty.o)
                0x00003660                __sys_istty
 .text.__sys_remove
                0x0000366c        0xc c:/nxp/lpcxpresso_7.3.0_186/lpcxpresso/tools/bin/../lib/gcc/arm-none-eabi/4.8.4/../../../../arm-none-eabi/lib/armv6-m\libcr_semihost.a(__sys_remove.o)
                0x0000366c                __sys_remove
 .text.__sys_seek
                0x00003678        0xc c:/nxp/lpcxpresso_7.3.0_186/lpcxpresso/tools/bin/../lib/gcc/arm-none-eabi/4.8.4/../../../../arm-none-eabi/lib/armv6-m\libcr_semihost.a(__sys_seek.o)
                0x00003678                __sys_seek
 .text.__sys_tmpnam
                0x00003684        0xc c:/nxp/lpcxpresso_7.3.0_186/lpcxpresso/tools/bin/../lib/gcc/arm-none-eabi/4.8.4/../../../../arm-none-eabi/lib/armv6-m\libcr_semihost.a(__sys_tmpnam.o)
                0x00003684                __sys_tmpnam
 .text.__sys_write
                0x00003690        0xc c:/nxp/lpcxpresso_7.3.0_186/lpcxpresso/tools/bin/../lib/gcc/arm-none-eabi/4.8.4/../../../../arm-none-eabi/lib/armv6-m\libcr_semihost.a(__sys_write.o)
                0x00003690                __sys_write
                0x00003690                __write
 *(.rodata .rodata.* .constdata .constdata.*)
 .rodata.str1.4
                0x0000369c       0x70 ./src/main.o
 .rodata.str1.1
                0x0000370c       0x34 c:/nxp/lpcxpresso_7.3.0_186/lpcxpresso/tools/bin/../lib/gcc/arm-none-eabi/4.8.4/../../../../arm-none-eabi/lib/armv6-m\libcr_c.a(fpprintf.o)
                                 0x35 (size before relaxing)
 .rodata.str1.1
                0x00003740        0x4 c:/nxp/lpcxpresso_7.3.0_186/lpcxpresso/tools/bin/../lib/gcc/arm-none-eabi/4.8.4/../../../../arm-none-eabi/lib/armv6-m\libcr_c.a(initio.o)
 .rodata.str1.1
                0x00003744       0x31 c:/nxp/lpcxpresso_7.3.0_186/lpcxpresso/tools/bin/../lib/gcc/arm-none-eabi/4.8.4/../../../../arm-none-eabi/lib/armv6-m\libcr_c.a(printf.o)
                                 0x38 (size before relaxing)
 .rodata.str1.1
                0x00003775       0x18 c:/nxp/lpcxpresso_7.3.0_186/lpcxpresso/tools/bin/../lib/gcc/arm-none-eabi/4.8.4/../../../../arm-none-eabi/lib/armv6-m\libcr_c.a(alloc.o)
 *fill*         0x0000378d        0x3 
 .rodata.__huge_vall
                0x00003790        0x8 c:/nxp/lpcxpresso_7.3.0_186/lpcxpresso/tools/bin/../lib/gcc/arm-none-eabi/4.8.4/../../../../arm-none-eabi/lib/armv6-m\libcr_c.a(_hugeval.o)
                0x00003790                __huge_vall
                0x00003798                . = ALIGN (0x4)

.glue_7         0x00003798        0x0
 .glue_7        0x00000000        0x0 linker stubs

.glue_7t        0x00003798        0x0
 .glue_7t       0x00000000        0x0 linker stubs

.vfp11_veneer   0x00003798        0x0
 .vfp11_veneer  0x00000000        0x0 linker stubs

.v4_bx          0x00003798        0x0
 .v4_bx         0x00000000        0x0 linker stubs

.iplt           0x00003798        0x0
 .iplt          0x00000000        0x0 ./src/adc.o

.rel.dyn        0x00003798        0x0
 .rel.iplt      0x00000000        0x0 ./src/adc.o

.ARM.extab
 *(.ARM.extab* .gnu.linkonce.armextab.*)
                0x00003798                __exidx_start = .

.ARM.exidx
 *(.ARM.exidx* .gnu.linkonce.armexidx.*)
                0x00003798                __exidx_end = .
                0x00003798                _etext = .

.uninit_RESERVED
                0x10000000        0x0
 *(.bss.$RESERVED*)
                0x10000000                . = ALIGN (0x4)
                0x10000000                _end_uninit_RESERVED = .

.data           0x10000000        0x4 load address 0x00003798
 FILL mask 0xff
                0x10000000                _data = .
 *(vtable)
 *(.ramfunc*)
 *(.data*)
 .data          0x10000000        0x4 C:\Users\yuxiang\Lib_CMSISv1p30_LPC11xx\Debug\libLib_CMSISv1p30_LPC11xx.a(system_LPC11xx.o)
                0x10000000                SystemCoreClock
                0x10000004                . = ALIGN (0x4)
                0x10000004                _edata = .

.igot.plt       0x10000004        0x0 load address 0x0000379c
 .igot.plt      0x00000000        0x0 ./src/adc.o

.bss            0x10000004      0x150 load address 0x0000379c
                0x10000004                _bss = .
 *(.bss*)
 .bss.errno     0x10000004        0x4 c:/nxp/lpcxpresso_7.3.0_186/lpcxpresso/tools/bin/../lib/gcc/arm-none-eabi/4.8.4/../../../../arm-none-eabi/lib/armv6-m\libcr_c.a(errno.o)
                0x10000004                errno
 *(COMMON)
 COMMON         0x10000008        0x4 c:/nxp/lpcxpresso_7.3.0_186/lpcxpresso/tools/bin/../lib/gcc/arm-none-eabi/4.8.4/../../../../arm-none-eabi/lib/armv6-m\libcr_c.a(initio.o)
                0x10000008                _extra
 COMMON         0x1000000c      0x140 c:/nxp/lpcxpresso_7.3.0_186/lpcxpresso/tools/bin/../lib/gcc/arm-none-eabi/4.8.4/../../../../arm-none-eabi/lib/armv6-m\libcr_c.a(stdio.o)
                0x1000000c                __Ciob
 COMMON         0x1000014c        0x8 c:/nxp/lpcxpresso_7.3.0_186/lpcxpresso/tools/bin/../lib/gcc/arm-none-eabi/4.8.4/../../../../arm-none-eabi/lib/armv6-m\libcr_c.a(__init_alloc.o)
                0x1000014c                __heaps
                0x10000150                __end_of_heap
                0x10000154                . = ALIGN (0x4)
                0x10000154                _ebss = .
                0x10000154                PROVIDE (end, .)

.noinit         0x10000154        0x0 load address 0x0000379c
                0x10000154                _noinit = .
 *(.noinit*)
                0x10000154                . = ALIGN (0x4)
                0x10000154                _end_noinit = .
                0x10000154                PROVIDE (_pvHeapStart, .)
                0x10002000                PROVIDE (_vStackTop, (__top_RamLoc8 - 0x0))
OUTPUT(Lab10c.axf elf32-littlearm)

.debug_info     0x00000000     0x3464
 .debug_info    0x00000000      0x6f1 ./src/adc.o
 .debug_info    0x000006f1      0x1a8 ./src/cr_startup_lpc11.o
 .debug_info    0x00000899      0x539 ./src/delay.o
 .debug_info    0x00000dd2      0x25a ./src/gpio.o
 .debug_info    0x0000102c      0x54e ./src/insectBot.o
 .debug_info    0x0000157a      0x9b7 ./src/main.o
 .debug_info    0x00001f31      0x834 ./src/pwm.o
 .debug_info    0x00002765      0x8d2 ./src/uart.o
 .debug_info    0x00003037      0x42d C:\Users\yuxiang\Lib_CMSISv1p30_LPC11xx\Debug\libLib_CMSISv1p30_LPC11xx.a(system_LPC11xx.o)

.debug_abbrev   0x00000000      0xaa5
 .debug_abbrev  0x00000000      0x13e ./src/adc.o
 .debug_abbrev  0x0000013e       0xd5 ./src/cr_startup_lpc11.o
 .debug_abbrev  0x00000213      0x12f ./src/delay.o
 .debug_abbrev  0x00000342      0x134 ./src/gpio.o
 .debug_abbrev  0x00000476       0xef ./src/insectBot.o
 .debug_abbrev  0x00000565      0x173 ./src/main.o
 .debug_abbrev  0x000006d8      0x12b ./src/pwm.o
 .debug_abbrev  0x00000803      0x19e ./src/uart.o
 .debug_abbrev  0x000009a1      0x104 C:\Users\yuxiang\Lib_CMSISv1p30_LPC11xx\Debug\libLib_CMSISv1p30_LPC11xx.a(system_LPC11xx.o)

.debug_loc      0x00000000      0xae8
 .debug_loc     0x00000000       0x5d ./src/adc.o
 .debug_loc     0x0000005d       0x4b ./src/cr_startup_lpc11.o
 .debug_loc     0x000000a8       0x3c ./src/delay.o
 .debug_loc     0x000000e4      0x405 ./src/gpio.o
 .debug_loc     0x000004e9      0x14a ./src/insectBot.o
 .debug_loc     0x00000633       0xae ./src/main.o
 .debug_loc     0x000006e1       0xe7 ./src/pwm.o
 .debug_loc     0x000007c8      0x1d0 ./src/uart.o
 .debug_loc     0x00000998      0x150 C:\Users\yuxiang\Lib_CMSISv1p30_LPC11xx\Debug\libLib_CMSISv1p30_LPC11xx.a(system_LPC11xx.o)

.debug_aranges  0x00000000      0x1f0
 .debug_aranges
                0x00000000       0x28 ./src/adc.o
 .debug_aranges
                0x00000028       0x50 ./src/cr_startup_lpc11.o
 .debug_aranges
                0x00000078       0x30 ./src/delay.o
 .debug_aranges
                0x000000a8       0x30 ./src/gpio.o
 .debug_aranges
                0x000000d8       0x40 ./src/insectBot.o
 .debug_aranges
                0x00000118       0x28 ./src/main.o
 .debug_aranges
                0x00000140       0x48 ./src/pwm.o
 .debug_aranges
                0x00000188       0x40 ./src/uart.o
 .debug_aranges
                0x000001c8       0x28 C:\Users\yuxiang\Lib_CMSISv1p30_LPC11xx\Debug\libLib_CMSISv1p30_LPC11xx.a(system_LPC11xx.o)

.debug_ranges   0x00000000      0x160
 .debug_ranges  0x00000000       0x18 ./src/adc.o
 .debug_ranges  0x00000018       0x40 ./src/cr_startup_lpc11.o
 .debug_ranges  0x00000058       0x20 ./src/delay.o
 .debug_ranges  0x00000078       0x20 ./src/gpio.o
 .debug_ranges  0x00000098       0x30 ./src/insectBot.o
 .debug_ranges  0x000000c8       0x18 ./src/main.o
 .debug_ranges  0x000000e0       0x38 ./src/pwm.o
 .debug_ranges  0x00000118       0x30 ./src/uart.o
 .debug_ranges  0x00000148       0x18 C:\Users\yuxiang\Lib_CMSISv1p30_LPC11xx\Debug\libLib_CMSISv1p30_LPC11xx.a(system_LPC11xx.o)

.debug_macro    0x00000000     0x2767
 .debug_macro   0x00000000       0x74 ./src/adc.o
 .debug_macro   0x00000074      0x820 ./src/adc.o
 .debug_macro   0x00000894       0x1c ./src/adc.o
 .debug_macro   0x000008b0       0x22 ./src/adc.o
 .debug_macro   0x000008d2       0x10 ./src/adc.o
 .debug_macro   0x000008e2      0x122 ./src/adc.o
 .debug_macro   0x00000a04      0x5b9 ./src/adc.o
 .debug_macro   0x00000fbd      0x37a ./src/adc.o
 .debug_macro   0x00001337      0x115 ./src/adc.o
 .debug_macro   0x0000144c       0x1c ./src/adc.o
 .debug_macro   0x00001468       0x22 ./src/adc.o
 .debug_macro   0x0000148a       0x52 ./src/cr_startup_lpc11.o
 .debug_macro   0x000014dc       0x82 ./src/delay.o
 .debug_macro   0x0000155e       0x16 ./src/delay.o
 .debug_macro   0x00001574      0x398 ./src/delay.o
 .debug_macro   0x0000190c       0x74 ./src/gpio.o
 .debug_macro   0x00001980       0x2e ./src/gpio.o
 .debug_macro   0x000019ae       0x6e ./src/insectBot.o
 .debug_macro   0x00001a1c       0x52 ./src/insectBot.o
 .debug_macro   0x00001a6e       0xfa ./src/main.o
 .debug_macro   0x00001b68      0x14e ./src/main.o
 .debug_macro   0x00001cb6       0x3a ./src/main.o
 .debug_macro   0x00001cf0       0x58 ./src/main.o
 .debug_macro   0x00001d48       0x75 ./src/pwm.o
 .debug_macro   0x00001dbd       0x74 ./src/uart.o
 .debug_macro   0x00001e31      0x122 C:\Users\yuxiang\Lib_CMSISv1p30_LPC11xx\Debug\libLib_CMSISv1p30_LPC11xx.a(system_LPC11xx.o)
 .debug_macro   0x00001f53      0x814 C:\Users\yuxiang\Lib_CMSISv1p30_LPC11xx\Debug\libLib_CMSISv1p30_LPC11xx.a(system_LPC11xx.o)

.debug_line     0x00000000     0x10d5
 .debug_line    0x00000000      0x192 ./src/adc.o
 .debug_line    0x00000192      0x1cb ./src/cr_startup_lpc11.o
 .debug_line    0x0000035d      0x1c4 ./src/delay.o
 .debug_line    0x00000521      0x1ef ./src/gpio.o
 .debug_line    0x00000710      0x1ba ./src/insectBot.o
 .debug_line    0x000008ca      0x246 ./src/main.o
 .debug_line    0x00000b10      0x1db ./src/pwm.o
 .debug_line    0x00000ceb      0x209 ./src/uart.o
 .debug_line    0x00000ef4      0x1e1 C:\Users\yuxiang\Lib_CMSISv1p30_LPC11xx\Debug\libLib_CMSISv1p30_LPC11xx.a(system_LPC11xx.o)

.debug_str      0x00000000     0x6798
 .debug_str     0x00000000     0x5a84 ./src/adc.o
                               0x5b02 (size before relaxing)
 .debug_str     0x00005a84      0x116 ./src/cr_startup_lpc11.o
                               0x3b20 (size before relaxing)
 .debug_str     0x00005b9a       0x7e ./src/delay.o
                               0x595b (size before relaxing)
 .debug_str     0x00005c18       0xb0 ./src/gpio.o
                               0x5763 (size before relaxing)
 .debug_str     0x00005cc8      0x183 ./src/insectBot.o
                               0x3bb4 (size before relaxing)
 .debug_str     0x00005e4b      0x4a8 ./src/main.o
                               0x5d47 (size before relaxing)
 .debug_str     0x000062f3       0x5a ./src/pwm.o
                               0x5b28 (size before relaxing)
 .debug_str     0x0000634d       0xa2 ./src/uart.o
                               0x5bca (size before relaxing)
 .debug_str     0x000063ef      0x3a9 C:\Users\yuxiang\Lib_CMSISv1p30_LPC11xx\Debug\libLib_CMSISv1p30_LPC11xx.a(system_LPC11xx.o)
                               0x5c15 (size before relaxing)

.comment        0x00000000       0xe0
 .comment       0x00000000       0x70 ./src/adc.o
                                 0x71 (size before relaxing)
 .comment       0x00000000       0x71 ./src/cr_startup_lpc11.o
 .comment       0x00000000       0x71 ./src/delay.o
 .comment       0x00000000       0x71 ./src/gpio.o
 .comment       0x00000000       0x71 ./src/insectBot.o
 .comment       0x00000000       0x71 ./src/main.o
 .comment       0x00000000       0x71 ./src/pwm.o
 .comment       0x00000000       0x71 ./src/uart.o
 .comment       0x00000000       0x71 C:\Users\yuxiang\Lib_CMSISv1p30_LPC11xx\Debug\libLib_CMSISv1p30_LPC11xx.a(system_LPC11xx.o)
 .comment       0x00000070       0x70 c:/nxp/lpcxpresso_7.3.0_186/lpcxpresso/tools/bin/../lib/gcc/arm-none-eabi/4.8.4/../../../../arm-none-eabi/lib/armv6-m\libcr_semihost.a(_cr__main.o)
                                 0x71 (size before relaxing)
 .comment       0x00000000       0x71 c:/nxp/lpcxpresso_7.3.0_186/lpcxpresso/tools/bin/../lib/gcc/arm-none-eabi/4.8.4/../../../../arm-none-eabi/lib/armv6-m\libcr_c.a(fpprintf.o)
 .comment       0x00000000       0x71 c:/nxp/lpcxpresso_7.3.0_186/lpcxpresso/tools/bin/../lib/gcc/arm-none-eabi/4.8.4/../../../../arm-none-eabi/lib/armv6-m\libcr_c.a(initio.o)
 .comment       0x00000000       0x71 c:/nxp/lpcxpresso_7.3.0_186/lpcxpresso/tools/bin/../lib/gcc/arm-none-eabi/4.8.4/../../../../arm-none-eabi/lib/armv6-m\libcr_c.a(printf.o)
 .comment       0x00000000       0x71 c:/nxp/lpcxpresso_7.3.0_186/lpcxpresso/tools/bin/../lib/gcc/arm-none-eabi/4.8.4/../../../../arm-none-eabi/lib/armv6-m\libcr_c.a(setvbuf.o)
 .comment       0x00000000       0x71 c:/nxp/lpcxpresso_7.3.0_186/lpcxpresso/tools/bin/../lib/gcc/arm-none-eabi/4.8.4/../../../../arm-none-eabi/lib/armv6-m\libcr_c.a(stdio.o)
 .comment       0x00000000       0x71 c:/nxp/lpcxpresso_7.3.0_186/lpcxpresso/tools/bin/../lib/gcc/arm-none-eabi/4.8.4/../../../../arm-none-eabi/lib/armv6-m\libcr_c.a(strlen.o)
 .comment       0x00000000       0x71 c:/nxp/lpcxpresso_7.3.0_186/lpcxpresso/tools/bin/../lib/gcc/arm-none-eabi/4.8.4/../../../../arm-none-eabi/lib/armv6-m\libcr_c.a(memset.o)
 .comment       0x00000000       0x71 c:/nxp/lpcxpresso_7.3.0_186/lpcxpresso/tools/bin/../lib/gcc/arm-none-eabi/4.8.4/../../../../arm-none-eabi/lib/armv6-m\libcr_c.a(_deferredlazyseek.o)
 .comment       0x00000000       0x71 c:/nxp/lpcxpresso_7.3.0_186/lpcxpresso/tools/bin/../lib/gcc/arm-none-eabi/4.8.4/../../../../arm-none-eabi/lib/armv6-m\libcr_c.a(_fdopen.o)
 .comment       0x00000000       0x71 c:/nxp/lpcxpresso_7.3.0_186/lpcxpresso/tools/bin/../lib/gcc/arm-none-eabi/4.8.4/../../../../arm-none-eabi/lib/armv6-m\libcr_c.a(_fflush.o)
 .comment       0x00000000       0x71 c:/nxp/lpcxpresso_7.3.0_186/lpcxpresso/tools/bin/../lib/gcc/arm-none-eabi/4.8.4/../../../../arm-none-eabi/lib/armv6-m\libcr_c.a(_frexpl.o)
 .comment       0x00000000       0x71 c:/nxp/lpcxpresso_7.3.0_186/lpcxpresso/tools/bin/../lib/gcc/arm-none-eabi/4.8.4/../../../../arm-none-eabi/lib/armv6-m\libcr_c.a(_ldexpl.o)
 .comment       0x00000000       0x71 c:/nxp/lpcxpresso_7.3.0_186/lpcxpresso/tools/bin/../lib/gcc/arm-none-eabi/4.8.4/../../../../arm-none-eabi/lib/armv6-m\libcr_c.a(_writebuf.o)
 .comment       0x00000000       0x71 c:/nxp/lpcxpresso_7.3.0_186/lpcxpresso/tools/bin/../lib/gcc/arm-none-eabi/4.8.4/../../../../arm-none-eabi/lib/armv6-m\libcr_c.a(alloc.o)
 .comment       0x00000000       0x71 c:/nxp/lpcxpresso_7.3.0_186/lpcxpresso/tools/bin/../lib/gcc/arm-none-eabi/4.8.4/../../../../arm-none-eabi/lib/armv6-m\libcr_c.a(errno.o)
 .comment       0x00000000       0x71 c:/nxp/lpcxpresso_7.3.0_186/lpcxpresso/tools/bin/../lib/gcc/arm-none-eabi/4.8.4/../../../../arm-none-eabi/lib/armv6-m\libcr_c.a(fclose.o)
 .comment       0x00000000       0x71 c:/nxp/lpcxpresso_7.3.0_186/lpcxpresso/tools/bin/../lib/gcc/arm-none-eabi/4.8.4/../../../../arm-none-eabi/lib/armv6-m\libcr_c.a(fflush.o)
 .comment       0x00000000       0x71 c:/nxp/lpcxpresso_7.3.0_186/lpcxpresso/tools/bin/../lib/gcc/arm-none-eabi/4.8.4/../../../../arm-none-eabi/lib/armv6-m\libcr_c.a(fseek.o)
 .comment       0x00000000       0x71 c:/nxp/lpcxpresso_7.3.0_186/lpcxpresso/tools/bin/../lib/gcc/arm-none-eabi/4.8.4/../../../../arm-none-eabi/lib/armv6-m\libcr_c.a(ftell.o)
 .comment       0x00000000       0x71 c:/nxp/lpcxpresso_7.3.0_186/lpcxpresso/tools/bin/../lib/gcc/arm-none-eabi/4.8.4/../../../../arm-none-eabi/lib/armv6-m\libcr_c.a(remove.o)
 .comment       0x00000000       0x71 c:/nxp/lpcxpresso_7.3.0_186/lpcxpresso/tools/bin/../lib/gcc/arm-none-eabi/4.8.4/../../../../arm-none-eabi/lib/armv6-m\libcr_c.a(__init_alloc.o)
 .comment       0x00000000       0x71 c:/nxp/lpcxpresso_7.3.0_186/lpcxpresso/tools/bin/../lib/gcc/arm-none-eabi/4.8.4/../../../../arm-none-eabi/lib/armv6-m\libcr_c.a(_cr_sbrk.o)
 .comment       0x00000000       0x71 c:/nxp/lpcxpresso_7.3.0_186/lpcxpresso/tools/bin/../lib/gcc/arm-none-eabi/4.8.4/../../../../arm-none-eabi/lib/armv6-m\libcr_c.a(_do_fflush.o)
 .comment       0x00000000       0x71 c:/nxp/lpcxpresso_7.3.0_186/lpcxpresso/tools/bin/../lib/gcc/arm-none-eabi/4.8.4/../../../../arm-none-eabi/lib/armv6-m\libcr_c.a(_hugeval.o)
 .comment       0x00000000       0x71 c:/nxp/lpcxpresso_7.3.0_186/lpcxpresso/tools/bin/../lib/gcc/arm-none-eabi/4.8.4/../../../../arm-none-eabi/lib/armv6-m\libcr_c.a(_cr_check_heap.o)
 .comment       0x00000000       0x71 c:/nxp/lpcxpresso_7.3.0_186/lpcxpresso/tools/bin/../lib/gcc/arm-none-eabi/4.8.4/armv6-m\libcr_eabihelpers.a(double.o)

.ARM.attributes
                0x00000000       0x2f
 .ARM.attributes
                0x00000000       0x31 ./src/adc.o
 .ARM.attributes
                0x00000031       0x31 ./src/cr_startup_lpc11.o
 .ARM.attributes
                0x00000062       0x31 ./src/delay.o
 .ARM.attributes
                0x00000093       0x31 ./src/gpio.o
 .ARM.attributes
                0x000000c4       0x31 ./src/insectBot.o
 .ARM.attributes
                0x000000f5       0x31 ./src/main.o
 .ARM.attributes
                0x00000126       0x31 ./src/pwm.o
 .ARM.attributes
                0x00000157       0x31 ./src/uart.o
 .ARM.attributes
                0x00000188       0x31 C:\Users\yuxiang\Lib_CMSISv1p30_LPC11xx\Debug\libLib_CMSISv1p30_LPC11xx.a(system_LPC11xx.o)
 .ARM.attributes
                0x000001b9       0x31 c:/nxp/lpcxpresso_7.3.0_186/lpcxpresso/tools/bin/../lib/gcc/arm-none-eabi/4.8.4/../../../../arm-none-eabi/lib/armv6-m\libcr_semihost.a(_cr__main.o)
 .ARM.attributes
                0x000001ea       0x31 c:/nxp/lpcxpresso_7.3.0_186/lpcxpresso/tools/bin/../lib/gcc/arm-none-eabi/4.8.4/../../../../arm-none-eabi/lib/armv6-m\libcr_c.a(fpprintf.o)
 .ARM.attributes
                0x0000021b       0x31 c:/nxp/lpcxpresso_7.3.0_186/lpcxpresso/tools/bin/../lib/gcc/arm-none-eabi/4.8.4/../../../../arm-none-eabi/lib/armv6-m\libcr_c.a(initio.o)
 .ARM.attributes
                0x0000024c       0x31 c:/nxp/lpcxpresso_7.3.0_186/lpcxpresso/tools/bin/../lib/gcc/arm-none-eabi/4.8.4/../../../../arm-none-eabi/lib/armv6-m\libcr_c.a(printf.o)
 .ARM.attributes
                0x0000027d       0x31 c:/nxp/lpcxpresso_7.3.0_186/lpcxpresso/tools/bin/../lib/gcc/arm-none-eabi/4.8.4/../../../../arm-none-eabi/lib/armv6-m\libcr_c.a(setvbuf.o)
 .ARM.attributes
                0x000002ae       0x31 c:/nxp/lpcxpresso_7.3.0_186/lpcxpresso/tools/bin/../lib/gcc/arm-none-eabi/4.8.4/../../../../arm-none-eabi/lib/armv6-m\libcr_c.a(stdio.o)
 .ARM.attributes
                0x000002df       0x31 c:/nxp/lpcxpresso_7.3.0_186/lpcxpresso/tools/bin/../lib/gcc/arm-none-eabi/4.8.4/../../../../arm-none-eabi/lib/armv6-m\libcr_c.a(strlen.o)
 .ARM.attributes
                0x00000310       0x31 c:/nxp/lpcxpresso_7.3.0_186/lpcxpresso/tools/bin/../lib/gcc/arm-none-eabi/4.8.4/../../../../arm-none-eabi/lib/armv6-m\libcr_c.a(memset.o)
 .ARM.attributes
                0x00000341       0x31 c:/nxp/lpcxpresso_7.3.0_186/lpcxpresso/tools/bin/../lib/gcc/arm-none-eabi/4.8.4/../../../../arm-none-eabi/lib/armv6-m\libcr_c.a(_deferredlazyseek.o)
 .ARM.attributes
                0x00000372       0x31 c:/nxp/lpcxpresso_7.3.0_186/lpcxpresso/tools/bin/../lib/gcc/arm-none-eabi/4.8.4/../../../../arm-none-eabi/lib/armv6-m\libcr_c.a(_fdopen.o)
 .ARM.attributes
                0x000003a3       0x31 c:/nxp/lpcxpresso_7.3.0_186/lpcxpresso/tools/bin/../lib/gcc/arm-none-eabi/4.8.4/../../../../arm-none-eabi/lib/armv6-m\libcr_c.a(_fflush.o)
 .ARM.attributes
                0x000003d4       0x31 c:/nxp/lpcxpresso_7.3.0_186/lpcxpresso/tools/bin/../lib/gcc/arm-none-eabi/4.8.4/../../../../arm-none-eabi/lib/armv6-m\libcr_c.a(_frexpl.o)
 .ARM.attributes
                0x00000405       0x31 c:/nxp/lpcxpresso_7.3.0_186/lpcxpresso/tools/bin/../lib/gcc/arm-none-eabi/4.8.4/../../../../arm-none-eabi/lib/armv6-m\libcr_c.a(_ldexpl.o)
 .ARM.attributes
                0x00000436       0x31 c:/nxp/lpcxpresso_7.3.0_186/lpcxpresso/tools/bin/../lib/gcc/arm-none-eabi/4.8.4/../../../../arm-none-eabi/lib/armv6-m\libcr_c.a(_writebuf.o)
 .ARM.attributes
                0x00000467       0x31 c:/nxp/lpcxpresso_7.3.0_186/lpcxpresso/tools/bin/../lib/gcc/arm-none-eabi/4.8.4/../../../../arm-none-eabi/lib/armv6-m\libcr_c.a(alloc.o)
 .ARM.attributes
                0x00000498       0x31 c:/nxp/lpcxpresso_7.3.0_186/lpcxpresso/tools/bin/../lib/gcc/arm-none-eabi/4.8.4/../../../../arm-none-eabi/lib/armv6-m\libcr_c.a(errno.o)
 .ARM.attributes
                0x000004c9       0x31 c:/nxp/lpcxpresso_7.3.0_186/lpcxpresso/tools/bin/../lib/gcc/arm-none-eabi/4.8.4/../../../../arm-none-eabi/lib/armv6-m\libcr_c.a(fclose.o)
 .ARM.attributes
                0x000004fa       0x31 c:/nxp/lpcxpresso_7.3.0_186/lpcxpresso/tools/bin/../lib/gcc/arm-none-eabi/4.8.4/../../../../arm-none-eabi/lib/armv6-m\libcr_c.a(fflush.o)
 .ARM.attributes
                0x0000052b       0x31 c:/nxp/lpcxpresso_7.3.0_186/lpcxpresso/tools/bin/../lib/gcc/arm-none-eabi/4.8.4/../../../../arm-none-eabi/lib/armv6-m\libcr_c.a(fseek.o)
 .ARM.attributes
                0x0000055c       0x31 c:/nxp/lpcxpresso_7.3.0_186/lpcxpresso/tools/bin/../lib/gcc/arm-none-eabi/4.8.4/../../../../arm-none-eabi/lib/armv6-m\libcr_c.a(ftell.o)
 .ARM.attributes
                0x0000058d       0x31 c:/nxp/lpcxpresso_7.3.0_186/lpcxpresso/tools/bin/../lib/gcc/arm-none-eabi/4.8.4/../../../../arm-none-eabi/lib/armv6-m\libcr_c.a(remove.o)
 .ARM.attributes
                0x000005be       0x31 c:/nxp/lpcxpresso_7.3.0_186/lpcxpresso/tools/bin/../lib/gcc/arm-none-eabi/4.8.4/../../../../arm-none-eabi/lib/armv6-m\libcr_c.a(__init_alloc.o)
 .ARM.attributes
                0x000005ef       0x31 c:/nxp/lpcxpresso_7.3.0_186/lpcxpresso/tools/bin/../lib/gcc/arm-none-eabi/4.8.4/../../../../arm-none-eabi/lib/armv6-m\libcr_c.a(_cr_sbrk.o)
 .ARM.attributes
                0x00000620       0x31 c:/nxp/lpcxpresso_7.3.0_186/lpcxpresso/tools/bin/../lib/gcc/arm-none-eabi/4.8.4/../../../../arm-none-eabi/lib/armv6-m\libcr_c.a(_do_fflush.o)
 .ARM.attributes
                0x00000651       0x31 c:/nxp/lpcxpresso_7.3.0_186/lpcxpresso/tools/bin/../lib/gcc/arm-none-eabi/4.8.4/../../../../arm-none-eabi/lib/armv6-m\libcr_c.a(_hugeval.o)
 .ARM.attributes
                0x00000682       0x31 c:/nxp/lpcxpresso_7.3.0_186/lpcxpresso/tools/bin/../lib/gcc/arm-none-eabi/4.8.4/../../../../arm-none-eabi/lib/armv6-m\libcr_c.a(_cr_check_heap.o)
 .ARM.attributes
                0x000006b3       0x21 c:/nxp/lpcxpresso_7.3.0_186/lpcxpresso/tools/bin/../lib/gcc/arm-none-eabi/4.8.4/armv6-m\libcr_eabihelpers.a(division_32.o)
 .ARM.attributes
                0x000006d4       0x21 c:/nxp/lpcxpresso_7.3.0_186/lpcxpresso/tools/bin/../lib/gcc/arm-none-eabi/4.8.4/armv6-m\libcr_eabihelpers.a(division_idiv0.o)
 .ARM.attributes
                0x000006f5       0x31 c:/nxp/lpcxpresso_7.3.0_186/lpcxpresso/tools/bin/../lib/gcc/arm-none-eabi/4.8.4/armv6-m\libcr_eabihelpers.a(double.o)
 .ARM.attributes
                0x00000726       0x21 c:/nxp/lpcxpresso_7.3.0_186/lpcxpresso/tools/bin/../lib/gcc/arm-none-eabi/4.8.4/armv6-m\libcr_eabihelpers.a(llong.o)
 .ARM.attributes
                0x00000747       0x21 c:/nxp/lpcxpresso_7.3.0_186/lpcxpresso/tools/bin/../lib/gcc/arm-none-eabi/4.8.4/armv6-m\libcr_eabihelpers.a(memcpy.o)
 .ARM.attributes
                0x00000768       0x21 c:/nxp/lpcxpresso_7.3.0_186/lpcxpresso/tools/bin/../lib/gcc/arm-none-eabi/4.8.4/../../../../arm-none-eabi/lib/armv6-m\libcr_semihost.a(__sys_appexit.o)
 .ARM.attributes
                0x00000789       0x21 c:/nxp/lpcxpresso_7.3.0_186/lpcxpresso/tools/bin/../lib/gcc/arm-none-eabi/4.8.4/../../../../arm-none-eabi/lib/armv6-m\libcr_semihost.a(__sys_close.o)
 .ARM.attributes
                0x000007aa       0x21 c:/nxp/lpcxpresso_7.3.0_186/lpcxpresso/tools/bin/../lib/gcc/arm-none-eabi/4.8.4/../../../../arm-none-eabi/lib/armv6-m\libcr_semihost.a(__sys_flen.o)
 .ARM.attributes
                0x000007cb       0x21 c:/nxp/lpcxpresso_7.3.0_186/lpcxpresso/tools/bin/../lib/gcc/arm-none-eabi/4.8.4/../../../../arm-none-eabi/lib/armv6-m\libcr_semihost.a(__sys_istty.o)
 .ARM.attributes
                0x000007ec       0x21 c:/nxp/lpcxpresso_7.3.0_186/lpcxpresso/tools/bin/../lib/gcc/arm-none-eabi/4.8.4/../../../../arm-none-eabi/lib/armv6-m\libcr_semihost.a(__sys_remove.o)
 .ARM.attributes
                0x0000080d       0x21 c:/nxp/lpcxpresso_7.3.0_186/lpcxpresso/tools/bin/../lib/gcc/arm-none-eabi/4.8.4/../../../../arm-none-eabi/lib/armv6-m\libcr_semihost.a(__sys_seek.o)
 .ARM.attributes
                0x0000082e       0x21 c:/nxp/lpcxpresso_7.3.0_186/lpcxpresso/tools/bin/../lib/gcc/arm-none-eabi/4.8.4/../../../../arm-none-eabi/lib/armv6-m\libcr_semihost.a(__sys_tmpnam.o)
 .ARM.attributes
                0x0000084f       0x21 c:/nxp/lpcxpresso_7.3.0_186/lpcxpresso/tools/bin/../lib/gcc/arm-none-eabi/4.8.4/../../../../arm-none-eabi/lib/armv6-m\libcr_semihost.a(__sys_write.o)

.debug_frame    0x00000000      0x38c
 .debug_frame   0x00000000       0x40 ./src/adc.o
 .debug_frame   0x00000040       0x88 ./src/cr_startup_lpc11.o
 .debug_frame   0x000000c8       0x54 ./src/delay.o
 .debug_frame   0x0000011c       0x40 ./src/gpio.o
 .debug_frame   0x0000015c       0x88 ./src/insectBot.o
 .debug_frame   0x000001e4       0x4c ./src/main.o
 .debug_frame   0x00000230       0x94 ./src/pwm.o
 .debug_frame   0x000002c4       0x90 ./src/uart.o
 .debug_frame   0x00000354       0x38 C:\Users\yuxiang\Lib_CMSISv1p30_LPC11xx\Debug\libLib_CMSISv1p30_LPC11xx.a(system_LPC11xx.o)
